
> my-v0-project@0.1.0 build
> next build

   Γû▓ Next.js 16.0.10 (Turbopack)
   - Environments: .env.local

   Creating an optimized production build ...
 Γ£ô Compiled successfully in 5.0s
   Running TypeScript ...
node.exe : Failed to compile.
At line:1 char:1
+ & "C:\Program Files\nodejs/node.exe" "C:\Program Files\nodejs/node_mo ...
+ ~~~~~~~~~~~~~~~~~~~~~~~~~~~~~~~~~~~~~~~~~~~~~~~~~~~~~~~~~~~~~~~~~~~~~
    + CategoryInfo          : NotSpecified: (Failed to compile.:String) [], RemoteException
    + FullyQualifiedErrorId : NativeCommandError
 

./components/map/map-sidebar.tsx:177:13
Type error: This comparison appears to be unintentional because the types '"active" | "inactive"' and 
'"available"' have no overlap.

[0m [90m 175 |[39m           className[33m=[39m{cn(
 [90m 176 |[39m             [32m"text-xs"[39m[33m,[39m
[31m[1m>[22m[39m[90m 177 |[39m             provider[33m.[39mstatus [33m===[39m 
[32m"available"[39m [33m?[39m [32m"border-green-500 text-green-600"[39m [33m:[39m 
[32m"border-amber-500 text-amber-600"[39m[33m,[39m
 [90m     |[39m             [31m[1m^[22m[39m
 [90m 178 |[39m           )}
 [90m 179 |[39m         [33m>[39m
 [90m 180 |[39m           {provider[33m.[39mstatus}[0m
Next.js build worker exited with code: 1 and signal: null
